
polic@DESKTOP-P4HTRL2 MINGW64 /e/frontend/puzataHata (master)
$ git status
On branch master

No commits yet

Untracked files:
  (use "git add <file>..." to include in what will be committed)
        index.html
        readme.txt

nothing added to commit but untracked files present (use "git add" to track)

polic@DESKTOP-P4HTRL2 MINGW64 /e/frontend/puzataHata (master)
$ git add .

polic@DESKTOP-P4HTRL2 MINGW64 /e/frontend/puzataHata (master)
$ git status
On branch master

No commits yet

Changes to be committed:
  (use "git rm --cached <file>..." to unstage)
        new file:   index.html
        new file:   readme.txt


polic@DESKTOP-P4HTRL2 MINGW64 /e/frontend/puzataHata (master)
$ git commit -m "push template"
[master (root-commit) 2f53378] push template
 2 files changed, 0 insertions(+), 0 deletions(-)
 create mode 100644 index.html
 create mode 100644 readme.txt

polic@DESKTOP-P4HTRL2 MINGW64 /e/frontend/puzataHata (master)
$ git status
On branch master
Your branch is based on 'origin/master', but the upstream is gone.
  (use "git branch --unset-upstream" to fixup)

nothing to commit, working tree clean

polic@DESKTOP-P4HTRL2 MINGW64 /e/frontend/puzataHata (master)
$ git push
Enumerating objects: 3, done.
Counting objects: 100% (3/3), done.
Delta compression using up to 12 threads
Compressing objects: 100% (2/2), done.
Writing objects: 100% (3/3), 220 bytes | 220.00 KiB/s, done.
Total 3 (delta 0), reused 0 (delta 0), pack-reused 0
To github.com:yuriipolichenko/puzataHata.git
 * [new branch]      master -> master

polic@DESKTOP-P4HTRL2 MINGW64 /e/frontend/puzataHata (master)
$ git status
On branch master
Your branch is up to date with 'origin/master'.

Untracked files:
  (use "git add <file>..." to include in what will be committed)
        img/
        style/

nothing added to commit but untracked files present (use "git add" to track)

polic@DESKTOP-P4HTRL2 MINGW64 /e/frontend/puzataHata (master)
$ git add .

polic@DESKTOP-P4HTRL2 MINGW64 /e/frontend/puzataHata (master)
$ git commit -m "push template"
[master 656f03e] push template
 2 files changed, 0 insertions(+), 0 deletions(-)
 create mode 100644 img/screenshot_1.png
 create mode 100644 style/index.css

polic@DESKTOP-P4HTRL2 MINGW64 /e/frontend/puzataHata (master)
$ git push
Enumerating objects: 6, done.
Counting objects: 100% (6/6), done.
Delta compression using up to 12 threads
Compressing objects: 100% (3/3), done.
Writing objects: 100% (5/5), 554 bytes | 554.00 KiB/s, done.
Total 5 (delta 0), reused 0 (delta 0), pack-reused 0
To github.com:yuriipolichenko/puzataHata.git
   2f53378..656f03e  master -> master

polic@DESKTOP-P4HTRL2 MINGW64 /e/frontend/puzataHata (master)
$ ^C

polic@DESKTOP-P4HTRL2 MINGW64 /e/frontend/puzataHata (master)
